c:\users\juanc\documents\github\pathfinding\pathfinding\pathfinding\x64\debug\vc145.pdb
c:\users\juanc\documents\github\pathfinding\pathfinding\pathfinding\x64\debug\vc145.idb
c:\users\juanc\documents\github\pathfinding\pathfinding\pathfinding\x64\debug\main.obj
c:\users\juanc\documents\github\pathfinding\pathfinding\pathfinding\x64\debug\ai.obj
c:\users\juanc\documents\github\pathfinding\pathfinding\pathfinding\x64\debug\ai+bfs.obj
c:\users\juanc\documents\github\pathfinding\pathfinding\pathfinding\x64\debug\ai+dfs.obj
c:\users\juanc\documents\github\pathfinding\pathfinding\x64\debug\pathfinding.exe
c:\users\juanc\documents\github\pathfinding\pathfinding\x64\debug\pathfinding.pdb
c:\users\juanc\documents\github\pathfinding\pathfinding\pathfinding\x64\debug\pathfinding.ilk
c:\users\juanc\documents\github\pathfinding\pathfinding\pathfinding\x64\debug\node.obj
c:\users\juanc\documents\github\pathfinding\pathfinding\pathfinding\x64\debug\ai+bfs.obj.enc
c:\users\juanc\documents\github\pathfinding\pathfinding\pathfinding\x64\debug\ai+dfs.obj.enc
c:\users\juanc\documents\github\pathfinding\pathfinding\pathfinding\x64\debug\ai.obj.enc
c:\users\juanc\documents\github\pathfinding\pathfinding\pathfinding\x64\debug\main.obj.enc
c:\users\juanc\documents\github\pathfinding\pathfinding\pathfinding\x64\debug\pathfinding.tlog\cl.command.1.tlog
c:\users\juanc\documents\github\pathfinding\pathfinding\pathfinding\x64\debug\pathfinding.tlog\cl.items.tlog
c:\users\juanc\documents\github\pathfinding\pathfinding\pathfinding\x64\debug\pathfinding.tlog\cl.read.1.tlog
c:\users\juanc\documents\github\pathfinding\pathfinding\pathfinding\x64\debug\pathfinding.tlog\cl.write.1.tlog
c:\users\juanc\documents\github\pathfinding\pathfinding\pathfinding\x64\debug\pathfinding.tlog\link.command.1.tlog
c:\users\juanc\documents\github\pathfinding\pathfinding\pathfinding\x64\debug\pathfinding.tlog\link.read.1.tlog
c:\users\juanc\documents\github\pathfinding\pathfinding\pathfinding\x64\debug\pathfinding.tlog\link.secondary.1.tlog
c:\users\juanc\documents\github\pathfinding\pathfinding\pathfinding\x64\debug\pathfinding.tlog\link.write.1.tlog
